........................................................................ [ 14%]
........................................................................ [ 28%]
........................................................................ [ 42%]
........................................................................ [ 56%]
.s.........s............................................................ [ 70%]
.......................................................................F [ 84%]
.............................................FFF........................ [ 98%]
......                                                                   [100%]
=================================== FAILURES ===================================
_____________ test_post_setup_returns_409_when_already_configured ______________

setup_app = (<fastapi.applications.FastAPI object at 0x10b43e5d0>, <fakeredis.aioredis.FakeRedis(<redis.asyncio.connection.Connect...e54,health_check_interval=0,connected=True,client_name=None,username=None,db=0,password=None,socket_timeout=None)>)>)>)

    async def test_post_setup_returns_409_when_already_configured(setup_app):
        """Duplicate setup attempt via API returns 409 Conflict."""
        from shared.redis import SETUP_FLAG_KEY
        app, r = setup_app
        await r.set(SETUP_FLAG_KEY, "true")
        app.state.system_config = object()  # configured
    
        async with AsyncClient(transport=ASGITransport(app=app), base_url="http://test") as ac:
            response = await ac.post(
                "/setup",
                data={
                    "site_name": "Again",
                    "admin_username": "admin2",
                    "admin_password": "password",
                },
                follow_redirects=False,
            )
>       assert response.status_code == 409
E       assert 429 == 409
E        +  where 429 = <Response [429 Too Many Requests]>.status_code

tests/test_setup_wizard.py:106: AssertionError
------------------------------ Captured log call -------------------------------
WARNING  slowapi:extension.py:510 ratelimit 3 per 1 minute (127.0.0.1) exceeded at endpoint: /setup
________________ test_schedule_rule_range_returns_correct_count ________________

db = <motor.motor_asyncio.AsyncIOMotorDatabase object at 0x10af1a6f0>
api_client = <httpx.AsyncClient object at 0x10a517ad0>
template = TaskTemplate(id=ObjectId('69d0c738006e85dc4b0d6aa5'), revision_id=None, name='Test Template', description='', class_id...zinfo=datetime.timezone.utc), updated_at=datetime.datetime(2026, 4, 4, 8, 9, 28, 412801, tzinfo=datetime.timezone.utc))

    async def test_schedule_rule_range_returns_correct_count(db, api_client, template):
        """POST range rule with no weekday filter returns all days in range."""
>       resp = await api_client.post(
            "/classes/cls_sched/schedule-rules",
            json={
                "template_id": str(template.id),
                "schedule_type": "range",
                "start_date": "2026-04-01",
                "end_date": "2026-04-07",
                "weekdays": [],
                "max_submissions_per_student": 0,
            },
        )

tests/test_task_scheduling.py:161: 
_ _ _ _ _ _ _ _ _ _ _ _ _ _ _ _ _ _ _ _ _ _ _ _ _ _ _ _ _ _ _ _ _ _ _ _ _ _ _ _ 
.venv/lib/python3.13/site-packages/httpx/_client.py:1859: in post
    return await self.request(
.venv/lib/python3.13/site-packages/httpx/_client.py:1540: in request
    return await self.send(request, auth=auth, follow_redirects=follow_redirects)
           ^^^^^^^^^^^^^^^^^^^^^^^^^^^^^^^^^^^^^^^^^^^^^^^^^^^^^^^^^^^^^^^^^^^^^^
.venv/lib/python3.13/site-packages/httpx/_client.py:1629: in send
    response = await self._send_handling_auth(
.venv/lib/python3.13/site-packages/httpx/_client.py:1657: in _send_handling_auth
    response = await self._send_handling_redirects(
.venv/lib/python3.13/site-packages/httpx/_client.py:1694: in _send_handling_redirects
    response = await self._send_single_request(request)
               ^^^^^^^^^^^^^^^^^^^^^^^^^^^^^^^^^^^^^^^^
.venv/lib/python3.13/site-packages/httpx/_client.py:1730: in _send_single_request
    response = await transport.handle_async_request(request)
               ^^^^^^^^^^^^^^^^^^^^^^^^^^^^^^^^^^^^^^^^^^^^^
.venv/lib/python3.13/site-packages/httpx/_transports/asgi.py:170: in handle_async_request
    await self.app(scope, receive, send)
.venv/lib/python3.13/site-packages/fastapi/applications.py:1160: in __call__
    await super().__call__(scope, receive, send)
.venv/lib/python3.13/site-packages/starlette/applications.py:107: in __call__
    await self.middleware_stack(scope, receive, send)
.venv/lib/python3.13/site-packages/starlette/middleware/errors.py:186: in __call__
    raise exc
.venv/lib/python3.13/site-packages/starlette/middleware/errors.py:164: in __call__
    await self.app(scope, receive, _send)
.venv/lib/python3.13/site-packages/starlette/middleware/exceptions.py:63: in __call__
    await wrap_app_handling_exceptions(self.app, conn)(scope, receive, send)
.venv/lib/python3.13/site-packages/starlette/_exception_handler.py:53: in wrapped_app
    raise exc
.venv/lib/python3.13/site-packages/starlette/_exception_handler.py:42: in wrapped_app
    await app(scope, receive, sender)
.venv/lib/python3.13/site-packages/fastapi/middleware/asyncexitstack.py:18: in __call__
    await self.app(scope, receive, send)
.venv/lib/python3.13/site-packages/starlette/routing.py:716: in __call__
    await self.middleware_stack(scope, receive, send)
.venv/lib/python3.13/site-packages/starlette/routing.py:736: in app
    await route.handle(scope, receive, send)
.venv/lib/python3.13/site-packages/starlette/routing.py:290: in handle
    await self.app(scope, receive, send)
.venv/lib/python3.13/site-packages/fastapi/routing.py:130: in app
    await wrap_app_handling_exceptions(app, request)(scope, receive, send)
.venv/lib/python3.13/site-packages/starlette/_exception_handler.py:53: in wrapped_app
    raise exc
.venv/lib/python3.13/site-packages/starlette/_exception_handler.py:42: in wrapped_app
    await app(scope, receive, sender)
.venv/lib/python3.13/site-packages/fastapi/routing.py:116: in app
    response = await f(request)
               ^^^^^^^^^^^^^^^^
.venv/lib/python3.13/site-packages/fastapi/routing.py:670: in app
    raw_response = await run_endpoint_function(
.venv/lib/python3.13/site-packages/fastapi/routing.py:324: in run_endpoint_function
    return await dependant.call(**values)
           ^^^^^^^^^^^^^^^^^^^^^^^^^^^^^^
src/tasks/templates/router.py:107: in create_schedule_rule
    await _require_class_manage(class_id, teacher)
src/tasks/templates/router.py:74: in _require_class_manage
    cls = await Class.get(class_id)
          ^^^^^^^^^^^^^^^^^^^^^^^^^
.venv/lib/python3.13/site-packages/beanie/odm/documents.py:272: in get
    document_id = parse_object_as(
.venv/lib/python3.13/site-packages/beanie/odm/utils/pydantic.py:19: in parse_object_as
    return TypeAdapter(object_type).validate_python(data)
           ^^^^^^^^^^^^^^^^^^^^^^^^^^^^^^^^^^^^^^^^^^^^^^
_ _ _ _ _ _ _ _ _ _ _ _ _ _ _ _ _ _ _ _ _ _ _ _ _ _ _ _ _ _ _ _ _ _ _ _ _ _ _ _ 

self = TypeAdapter(Union[PydanticObjectId, NoneType]), object = 'cls_sched'

    def validate_python(
        self,
        object: Any,
        /,
        *,
        strict: bool | None = None,
        extra: ExtraValues | None = None,
        from_attributes: bool | None = None,
        context: Any | None = None,
        experimental_allow_partial: bool | Literal['off', 'on', 'trailing-strings'] = False,
        by_alias: bool | None = None,
        by_name: bool | None = None,
    ) -> T:
        """Validate a Python object against the model.
    
        Args:
            object: The Python object to validate against the model.
            strict: Whether to strictly check types.
            extra: Whether to ignore, allow, or forbid extra data during model validation.
                See the [`extra` configuration value][pydantic.ConfigDict.extra] for details.
            from_attributes: Whether to extract data from object attributes.
            context: Additional context to pass to the validator.
            experimental_allow_partial: **Experimental** whether to enable
                [partial validation](../concepts/experimental.md#partial-validation), e.g. to process streams.
                * False / 'off': Default behavior, no partial validation.
                * True / 'on': Enable partial validation.
                * 'trailing-strings': Enable partial validation and allow trailing strings in the input.
            by_alias: Whether to use the field's alias when validating against the provided input data.
            by_name: Whether to use the field's name when validating against the provided input data.
    
        !!! note
            When using `TypeAdapter` with a Pydantic `dataclass`, the use of the `from_attributes`
            argument is not supported.
    
        Returns:
            The validated object.
        """
        if by_alias is False and by_name is not True:
            raise PydanticUserError(
                'At least one of `by_alias` or `by_name` must be set to True.',
                code='validate-by-alias-and-name-false',
            )
    
>       return self.validator.validate_python(
            object,
            strict=strict,
            extra=extra,
            from_attributes=from_attributes,
            context=context,
            allow_partial=experimental_allow_partial,
            by_alias=by_alias,
            by_name=by_name,
        )
E       pydantic_core._pydantic_core.ValidationError: 1 validation error for nullable[json-or-python[json=function-after[_validate(), constrained-str],python=function-plain[_validate()]]]
E         Value error, Id must be of type PydanticObjectId [type=value_error, input_value='cls_sched', input_type=str]
E           For further information visit https://errors.pydantic.dev/2.12/v/value_error

.venv/lib/python3.13/site-packages/pydantic/type_adapter.py:441: ValidationError
_________________ test_schedule_rule_weekday_filter_is_correct _________________

db = <motor.motor_asyncio.AsyncIOMotorDatabase object at 0x10b7adaf0>
api_client = <httpx.AsyncClient object at 0x10b0ba750>
template = TaskTemplate(id=ObjectId('69d0c739006e85dc4b0d6aa8'), revision_id=None, name='Test Template', description='', class_id...tzinfo=datetime.timezone.utc), updated_at=datetime.datetime(2026, 4, 4, 8, 9, 29, 15855, tzinfo=datetime.timezone.utc))

    async def test_schedule_rule_weekday_filter_is_correct(db, api_client, template):
        """POST range rule with weekday filter [0,4] returns only Mon/Fri."""
        # 2026-04-06=Mon ... 2026-04-12=Sun → 2 assignments (Mon + Fri)
>       resp = await api_client.post(
            "/classes/cls_sched/schedule-rules",
            json={
                "template_id": str(template.id),
                "schedule_type": "range",
                "start_date": "2026-04-06",
                "end_date": "2026-04-12",
                "weekdays": [0, 4],
                "max_submissions_per_student": 0,
            },
        )

tests/test_task_scheduling.py:180: 
_ _ _ _ _ _ _ _ _ _ _ _ _ _ _ _ _ _ _ _ _ _ _ _ _ _ _ _ _ _ _ _ _ _ _ _ _ _ _ _ 
.venv/lib/python3.13/site-packages/httpx/_client.py:1859: in post
    return await self.request(
.venv/lib/python3.13/site-packages/httpx/_client.py:1540: in request
    return await self.send(request, auth=auth, follow_redirects=follow_redirects)
           ^^^^^^^^^^^^^^^^^^^^^^^^^^^^^^^^^^^^^^^^^^^^^^^^^^^^^^^^^^^^^^^^^^^^^^
.venv/lib/python3.13/site-packages/httpx/_client.py:1629: in send
    response = await self._send_handling_auth(
.venv/lib/python3.13/site-packages/httpx/_client.py:1657: in _send_handling_auth
    response = await self._send_handling_redirects(
.venv/lib/python3.13/site-packages/httpx/_client.py:1694: in _send_handling_redirects
    response = await self._send_single_request(request)
               ^^^^^^^^^^^^^^^^^^^^^^^^^^^^^^^^^^^^^^^^
.venv/lib/python3.13/site-packages/httpx/_client.py:1730: in _send_single_request
    response = await transport.handle_async_request(request)
               ^^^^^^^^^^^^^^^^^^^^^^^^^^^^^^^^^^^^^^^^^^^^^
.venv/lib/python3.13/site-packages/httpx/_transports/asgi.py:170: in handle_async_request
    await self.app(scope, receive, send)
.venv/lib/python3.13/site-packages/fastapi/applications.py:1160: in __call__
    await super().__call__(scope, receive, send)
.venv/lib/python3.13/site-packages/starlette/applications.py:107: in __call__
    await self.middleware_stack(scope, receive, send)
.venv/lib/python3.13/site-packages/starlette/middleware/errors.py:186: in __call__
    raise exc
.venv/lib/python3.13/site-packages/starlette/middleware/errors.py:164: in __call__
    await self.app(scope, receive, _send)
.venv/lib/python3.13/site-packages/starlette/middleware/exceptions.py:63: in __call__
    await wrap_app_handling_exceptions(self.app, conn)(scope, receive, send)
.venv/lib/python3.13/site-packages/starlette/_exception_handler.py:53: in wrapped_app
    raise exc
.venv/lib/python3.13/site-packages/starlette/_exception_handler.py:42: in wrapped_app
    await app(scope, receive, sender)
.venv/lib/python3.13/site-packages/fastapi/middleware/asyncexitstack.py:18: in __call__
    await self.app(scope, receive, send)
.venv/lib/python3.13/site-packages/starlette/routing.py:716: in __call__
    await self.middleware_stack(scope, receive, send)
.venv/lib/python3.13/site-packages/starlette/routing.py:736: in app
    await route.handle(scope, receive, send)
.venv/lib/python3.13/site-packages/starlette/routing.py:290: in handle
    await self.app(scope, receive, send)
.venv/lib/python3.13/site-packages/fastapi/routing.py:130: in app
    await wrap_app_handling_exceptions(app, request)(scope, receive, send)
.venv/lib/python3.13/site-packages/starlette/_exception_handler.py:53: in wrapped_app
    raise exc
.venv/lib/python3.13/site-packages/starlette/_exception_handler.py:42: in wrapped_app
    await app(scope, receive, sender)
.venv/lib/python3.13/site-packages/fastapi/routing.py:116: in app
    response = await f(request)
               ^^^^^^^^^^^^^^^^
.venv/lib/python3.13/site-packages/fastapi/routing.py:670: in app
    raw_response = await run_endpoint_function(
.venv/lib/python3.13/site-packages/fastapi/routing.py:324: in run_endpoint_function
    return await dependant.call(**values)
           ^^^^^^^^^^^^^^^^^^^^^^^^^^^^^^
src/tasks/templates/router.py:107: in create_schedule_rule
    await _require_class_manage(class_id, teacher)
src/tasks/templates/router.py:74: in _require_class_manage
    cls = await Class.get(class_id)
          ^^^^^^^^^^^^^^^^^^^^^^^^^
.venv/lib/python3.13/site-packages/beanie/odm/documents.py:272: in get
    document_id = parse_object_as(
.venv/lib/python3.13/site-packages/beanie/odm/utils/pydantic.py:19: in parse_object_as
    return TypeAdapter(object_type).validate_python(data)
           ^^^^^^^^^^^^^^^^^^^^^^^^^^^^^^^^^^^^^^^^^^^^^^
_ _ _ _ _ _ _ _ _ _ _ _ _ _ _ _ _ _ _ _ _ _ _ _ _ _ _ _ _ _ _ _ _ _ _ _ _ _ _ _ 

self = TypeAdapter(Union[PydanticObjectId, NoneType]), object = 'cls_sched'

    def validate_python(
        self,
        object: Any,
        /,
        *,
        strict: bool | None = None,
        extra: ExtraValues | None = None,
        from_attributes: bool | None = None,
        context: Any | None = None,
        experimental_allow_partial: bool | Literal['off', 'on', 'trailing-strings'] = False,
        by_alias: bool | None = None,
        by_name: bool | None = None,
    ) -> T:
        """Validate a Python object against the model.
    
        Args:
            object: The Python object to validate against the model.
            strict: Whether to strictly check types.
            extra: Whether to ignore, allow, or forbid extra data during model validation.
                See the [`extra` configuration value][pydantic.ConfigDict.extra] for details.
            from_attributes: Whether to extract data from object attributes.
            context: Additional context to pass to the validator.
            experimental_allow_partial: **Experimental** whether to enable
                [partial validation](../concepts/experimental.md#partial-validation), e.g. to process streams.
                * False / 'off': Default behavior, no partial validation.
                * True / 'on': Enable partial validation.
                * 'trailing-strings': Enable partial validation and allow trailing strings in the input.
            by_alias: Whether to use the field's alias when validating against the provided input data.
            by_name: Whether to use the field's name when validating against the provided input data.
    
        !!! note
            When using `TypeAdapter` with a Pydantic `dataclass`, the use of the `from_attributes`
            argument is not supported.
    
        Returns:
            The validated object.
        """
        if by_alias is False and by_name is not True:
            raise PydanticUserError(
                'At least one of `by_alias` or `by_name` must be set to True.',
                code='validate-by-alias-and-name-false',
            )
    
>       return self.validator.validate_python(
            object,
            strict=strict,
            extra=extra,
            from_attributes=from_attributes,
            context=context,
            allow_partial=experimental_allow_partial,
            by_alias=by_alias,
            by_name=by_name,
        )
E       pydantic_core._pydantic_core.ValidationError: 1 validation error for nullable[json-or-python[json=function-after[_validate(), constrained-str],python=function-plain[_validate()]]]
E         Value error, Id must be of type PydanticObjectId [type=value_error, input_value='cls_sched', input_type=str]
E           For further information visit https://errors.pydantic.dev/2.12/v/value_error

.venv/lib/python3.13/site-packages/pydantic/type_adapter.py:441: ValidationError
_____________________ test_schedule_rule_open_capped_at_90 _____________________

db = <motor.motor_asyncio.AsyncIOMotorDatabase object at 0x10bda3dd0>
api_client = <httpx.AsyncClient object at 0x10b5a96d0>
template = TaskTemplate(id=ObjectId('69d0c739006e85dc4b0d6aab'), revision_id=None, name='Test Template', description='', class_id...zinfo=datetime.timezone.utc), updated_at=datetime.datetime(2026, 4, 4, 8, 9, 29, 604546, tzinfo=datetime.timezone.utc))

    async def test_schedule_rule_open_capped_at_90(db, api_client, template):
        """POST open rule creates at most 90 assignments."""
>       resp = await api_client.post(
            "/classes/cls_sched/schedule-rules",
            json={
                "template_id": str(template.id),
                "schedule_type": "open",
                "start_date": "2026-01-01",
                "max_submissions_per_student": 0,
            },
        )

tests/test_task_scheduling.py:198: 
_ _ _ _ _ _ _ _ _ _ _ _ _ _ _ _ _ _ _ _ _ _ _ _ _ _ _ _ _ _ _ _ _ _ _ _ _ _ _ _ 
.venv/lib/python3.13/site-packages/httpx/_client.py:1859: in post
    return await self.request(
.venv/lib/python3.13/site-packages/httpx/_client.py:1540: in request
    return await self.send(request, auth=auth, follow_redirects=follow_redirects)
           ^^^^^^^^^^^^^^^^^^^^^^^^^^^^^^^^^^^^^^^^^^^^^^^^^^^^^^^^^^^^^^^^^^^^^^
.venv/lib/python3.13/site-packages/httpx/_client.py:1629: in send
    response = await self._send_handling_auth(
.venv/lib/python3.13/site-packages/httpx/_client.py:1657: in _send_handling_auth
    response = await self._send_handling_redirects(
.venv/lib/python3.13/site-packages/httpx/_client.py:1694: in _send_handling_redirects
    response = await self._send_single_request(request)
               ^^^^^^^^^^^^^^^^^^^^^^^^^^^^^^^^^^^^^^^^
.venv/lib/python3.13/site-packages/httpx/_client.py:1730: in _send_single_request
    response = await transport.handle_async_request(request)
               ^^^^^^^^^^^^^^^^^^^^^^^^^^^^^^^^^^^^^^^^^^^^^
.venv/lib/python3.13/site-packages/httpx/_transports/asgi.py:170: in handle_async_request
    await self.app(scope, receive, send)
.venv/lib/python3.13/site-packages/fastapi/applications.py:1160: in __call__
    await super().__call__(scope, receive, send)
.venv/lib/python3.13/site-packages/starlette/applications.py:107: in __call__
    await self.middleware_stack(scope, receive, send)
.venv/lib/python3.13/site-packages/starlette/middleware/errors.py:186: in __call__
    raise exc
.venv/lib/python3.13/site-packages/starlette/middleware/errors.py:164: in __call__
    await self.app(scope, receive, _send)
.venv/lib/python3.13/site-packages/starlette/middleware/exceptions.py:63: in __call__
    await wrap_app_handling_exceptions(self.app, conn)(scope, receive, send)
.venv/lib/python3.13/site-packages/starlette/_exception_handler.py:53: in wrapped_app
    raise exc
.venv/lib/python3.13/site-packages/starlette/_exception_handler.py:42: in wrapped_app
    await app(scope, receive, sender)
.venv/lib/python3.13/site-packages/fastapi/middleware/asyncexitstack.py:18: in __call__
    await self.app(scope, receive, send)
.venv/lib/python3.13/site-packages/starlette/routing.py:716: in __call__
    await self.middleware_stack(scope, receive, send)
.venv/lib/python3.13/site-packages/starlette/routing.py:736: in app
    await route.handle(scope, receive, send)
.venv/lib/python3.13/site-packages/starlette/routing.py:290: in handle
    await self.app(scope, receive, send)
.venv/lib/python3.13/site-packages/fastapi/routing.py:130: in app
    await wrap_app_handling_exceptions(app, request)(scope, receive, send)
.venv/lib/python3.13/site-packages/starlette/_exception_handler.py:53: in wrapped_app
    raise exc
.venv/lib/python3.13/site-packages/starlette/_exception_handler.py:42: in wrapped_app
    await app(scope, receive, sender)
.venv/lib/python3.13/site-packages/fastapi/routing.py:116: in app
    response = await f(request)
               ^^^^^^^^^^^^^^^^
.venv/lib/python3.13/site-packages/fastapi/routing.py:670: in app
    raw_response = await run_endpoint_function(
.venv/lib/python3.13/site-packages/fastapi/routing.py:324: in run_endpoint_function
    return await dependant.call(**values)
           ^^^^^^^^^^^^^^^^^^^^^^^^^^^^^^
src/tasks/templates/router.py:107: in create_schedule_rule
    await _require_class_manage(class_id, teacher)
src/tasks/templates/router.py:74: in _require_class_manage
    cls = await Class.get(class_id)
          ^^^^^^^^^^^^^^^^^^^^^^^^^
.venv/lib/python3.13/site-packages/beanie/odm/documents.py:272: in get
    document_id = parse_object_as(
.venv/lib/python3.13/site-packages/beanie/odm/utils/pydantic.py:19: in parse_object_as
    return TypeAdapter(object_type).validate_python(data)
           ^^^^^^^^^^^^^^^^^^^^^^^^^^^^^^^^^^^^^^^^^^^^^^
_ _ _ _ _ _ _ _ _ _ _ _ _ _ _ _ _ _ _ _ _ _ _ _ _ _ _ _ _ _ _ _ _ _ _ _ _ _ _ _ 

self = TypeAdapter(Union[PydanticObjectId, NoneType]), object = 'cls_sched'

    def validate_python(
        self,
        object: Any,
        /,
        *,
        strict: bool | None = None,
        extra: ExtraValues | None = None,
        from_attributes: bool | None = None,
        context: Any | None = None,
        experimental_allow_partial: bool | Literal['off', 'on', 'trailing-strings'] = False,
        by_alias: bool | None = None,
        by_name: bool | None = None,
    ) -> T:
        """Validate a Python object against the model.
    
        Args:
            object: The Python object to validate against the model.
            strict: Whether to strictly check types.
            extra: Whether to ignore, allow, or forbid extra data during model validation.
                See the [`extra` configuration value][pydantic.ConfigDict.extra] for details.
            from_attributes: Whether to extract data from object attributes.
            context: Additional context to pass to the validator.
            experimental_allow_partial: **Experimental** whether to enable
                [partial validation](../concepts/experimental.md#partial-validation), e.g. to process streams.
                * False / 'off': Default behavior, no partial validation.
                * True / 'on': Enable partial validation.
                * 'trailing-strings': Enable partial validation and allow trailing strings in the input.
            by_alias: Whether to use the field's alias when validating against the provided input data.
            by_name: Whether to use the field's name when validating against the provided input data.
    
        !!! note
            When using `TypeAdapter` with a Pydantic `dataclass`, the use of the `from_attributes`
            argument is not supported.
    
        Returns:
            The validated object.
        """
        if by_alias is False and by_name is not True:
            raise PydanticUserError(
                'At least one of `by_alias` or `by_name` must be set to True.',
                code='validate-by-alias-and-name-false',
            )
    
>       return self.validator.validate_python(
            object,
            strict=strict,
            extra=extra,
            from_attributes=from_attributes,
            context=context,
            allow_partial=experimental_allow_partial,
            by_alias=by_alias,
            by_name=by_name,
        )
E       pydantic_core._pydantic_core.ValidationError: 1 validation error for nullable[json-or-python[json=function-after[_validate(), constrained-str],python=function-plain[_validate()]]]
E         Value error, Id must be of type PydanticObjectId [type=value_error, input_value='cls_sched', input_type=str]
E           For further information visit https://errors.pydantic.dev/2.12/v/value_error

.venv/lib/python3.13/site-packages/pydantic/type_adapter.py:441: ValidationError
=============================== warnings summary ===============================
tests/auth/test_deps.py: 1 warning
tests/test_admin_pages.py: 6 warnings
tests/test_admin_permissions.py: 6 warnings
tests/test_admin_system.py: 4 warnings
tests/test_admin_users.py: 25 warnings
tests/test_auth.py: 3 warnings
tests/test_badges.py: 3 warnings
tests/test_bug_fixes.py: 4 warnings
tests/test_checkin_config_page.py: 2 warnings
tests/test_class_hub_page.py: 6 warnings
tests/test_class_hub_stats.py: 6 warnings
tests/test_cross_class_feed_attendance.py: 3 warnings
tests/test_cross_class_gamification.py: 4 warnings
tests/test_cross_class_leaderboard.py: 2 warnings
tests/test_cross_class_submissions.py: 4 warnings
tests/test_cross_class_templates.py: 4 warnings
tests/test_dashboard_and_page_bugs.py: 10 warnings
tests/test_discord_integration.py: 6 warnings
tests/test_identity_tags.py: 13 warnings
tests/test_invite_enumerate.py: 3 warnings
tests/test_pages.py: 18 warnings
tests/test_prizes.py: 1 warning
tests/test_secure_cookie.py: 6 warnings
tests/test_security_audit.py: 9 warnings
tests/test_settings.py: 4 warnings
  /Users/phoenix/dev/edu-projects/daily-training-submit-system/.venv/lib/python3.13/site-packages/jwt/api_jwt.py:147: InsecureKeyLengthWarning: The HMAC key is 31 bytes long, which is below the minimum recommended length of 32 bytes for SHA256. See RFC 7518 Section 3.2.
    return self._jws.encode(

tests/auth/test_deps.py: 1 warning
tests/test_admin_pages.py: 6 warnings
tests/test_admin_permissions.py: 6 warnings
tests/test_admin_system.py: 4 warnings
tests/test_admin_users.py: 25 warnings
tests/test_auth.py: 3 warnings
tests/test_badges.py: 3 warnings
tests/test_bug_fixes.py: 4 warnings
tests/test_checkin_config_page.py: 2 warnings
tests/test_class_hub_page.py: 6 warnings
tests/test_class_hub_stats.py: 6 warnings
tests/test_cross_class_feed_attendance.py: 3 warnings
tests/test_cross_class_gamification.py: 4 warnings
tests/test_cross_class_leaderboard.py: 2 warnings
tests/test_cross_class_submissions.py: 4 warnings
tests/test_cross_class_templates.py: 4 warnings
tests/test_dashboard_and_page_bugs.py: 10 warnings
tests/test_discord_integration.py: 6 warnings
tests/test_identity_tags.py: 13 warnings
tests/test_invite_enumerate.py: 3 warnings
tests/test_pages.py: 14 warnings
tests/test_prizes.py: 1 warning
tests/test_security_audit.py: 9 warnings
tests/test_settings.py: 4 warnings
  /Users/phoenix/dev/edu-projects/daily-training-submit-system/.venv/lib/python3.13/site-packages/jwt/api_jwt.py:365: InsecureKeyLengthWarning: The HMAC key is 31 bytes long, which is below the minimum recommended length of 32 bytes for SHA256. See RFC 7518 Section 3.2.
    decoded = self.decode_complete(

tests/test_admin_pages.py: 5 warnings
tests/test_bug_fixes.py: 4 warnings
tests/test_checkin_config_page.py: 2 warnings
tests/test_class_hub_page.py: 4 warnings
tests/test_class_hub_stats.py: 6 warnings
tests/test_dashboard_and_page_bugs.py: 8 warnings
tests/test_pages.py: 11 warnings
tests/test_setup_wizard.py: 1 warning
tests/test_sidebar_context.py: 8 warnings
tests/test_submission_review.py: 4 warnings
tests/test_task_scheduling.py: 1 warning
tests/test_ui_polish.py: 1 warning
  /Users/phoenix/dev/edu-projects/daily-training-submit-system/.venv/lib/python3.13/site-packages/starlette/templating.py:189: DeprecationWarning: The `TemplateResponse` now requires the `request` argument.
  Replace `TemplateResponse(name, {"context": context})` by `TemplateResponse(request, name)`.
    warnings.warn(

tests/test_admin_users.py::test_create_user_rejects_weak_password
tests/test_admin_users.py::test_update_user_rejects_weak_new_password
tests/test_security_audit.py::test_discord_webhook_invalid_url_rejected
  /Users/phoenix/dev/edu-projects/daily-training-submit-system/.venv/lib/python3.13/site-packages/fastapi/routing.py:324: DeprecationWarning: 'HTTP_422_UNPROCESSABLE_ENTITY' is deprecated. Use 'HTTP_422_UNPROCESSABLE_CONTENT' instead.
    return await dependant.call(**values)

-- Docs: https://docs.pytest.org/en/stable/how-to/capture-warnings.html
=========================== short test summary info ============================
SKIPPED [1] tests/test_join_requests.py:240: Rate limiting tested via integration tests at the router level
SKIPPED [1] tests/test_join_requests.py:475: Negative validation will be enforced at the router level, not at model level
FAILED tests/test_setup_wizard.py::test_post_setup_returns_409_when_already_configured
FAILED tests/test_task_scheduling.py::test_schedule_rule_range_returns_correct_count
FAILED tests/test_task_scheduling.py::test_schedule_rule_weekday_filter_is_correct
FAILED tests/test_task_scheduling.py::test_schedule_rule_open_capped_at_90 - ...
4 failed, 504 passed, 2 skipped, 354 warnings in 148.98s (0:02:28)
